// Jest Snapshot v1, https://goo.gl/fbAQLP

exports[`FilterDialog 1`] = `<DocumentFragment />`;
