// Jest Snapshot v1, https://goo.gl/fbAQLP

exports[`renders the BusinessCardComponent 1`] = `
<DocumentFragment>
  <div
    class="MuiPaper-root MuiCard-root BusinessCard-root-1 MuiPaper-outlined MuiPaper-rounded"
  >
    <div
      class="MuiCardHeader-root"
    >
      <div
        class="MuiCardHeader-avatar"
      >
        <div
          color="secondary"
        >
          <svg
            aria-hidden="true"
            class="MuiSvgIcon-root MuiSvgIcon-colorSecondary MuiSvgIcon-fontSizeLarge"
            focusable="false"
            viewBox="0 0 24 24"
          >
            <path
              d="M12 17.27L18.18 21l-1.64-7.03L22 9.24l-7.19-.61L12 2 9.19 8.63 2 9.24l5.46 4.73L5.82 21z"
            />
          </svg>
          <p
            class="MuiTypography-root BusinessCard-rating-2 MuiTypography-body2 MuiTypography-colorSecondary"
          >
            4.5
          </p>
        </div>
      </div>
      <div
        class="MuiCardHeader-content"
      >
        <h6
          class="MuiTypography-root MuiTypography-h6"
        >
          La colombe coffee roasters
        </h6>
        <p
          class="MuiTypography-root MuiTypography-body2"
        >
          Coffee
        </p>
      </div>
      <div
        class="MuiCardHeader-action"
      >
        <svg
          aria-hidden="true"
          class="MuiSvgIcon-root MuiSvgIcon-colorSecondary MuiSvgIcon-fontSizeLarge"
          focusable="false"
          viewBox="0 0 24 24"
        >
          <path
            d="M17 3H7c-1.1 0-1.99.9-1.99 2L5 21l7-3 7 3V5c0-1.1-.9-2-2-2zm0 15l-5-2.18L7 18V5h10v13z"
          />
        </svg>
      </div>
    </div>
    <div
      class="MuiCardMedia-root BusinessCard-cardMedia-3"
      style="background-image: url(https://s3-media3.fl.yelpcdn.com/bphoto/ONmc2uTWa4W5AAI2irBpXw/o.jpg);"
    />
    <div
      class="MuiCardContent-root"
    >
      <div
        class="BusinessCard-location-4"
      >
        <div
          class="BusinessCard-address-6"
        >
          <p
            class="MuiTypography-root MuiTypography-body1"
          >
            924 Blagden Alley Way Washington, D.C. 20001
          </p>
        </div>
        <div
          class="BusinessCard-distance-5"
        >
          <p
            class="MuiTypography-root MuiTypography-body1"
          >
            0.03mi
          </p>
        </div>
      </div>
      <hr
        class="MuiDivider-root"
      />
      <div
        class="BusinessCard-chipWrapper-7"
      />
      <div>
        <button
          class="MuiButtonBase-root MuiButton-root MuiButton-text MuiButton-textSecondary"
          tabindex="0"
          type="button"
        >
          <span
            class="MuiButton-label"
          >
            Call Space
          </span>
          <span
            class="MuiTouchRipple-root"
          />
        </button>
        <button
          class="MuiButtonBase-root MuiButton-root MuiButton-text MuiButton-textSecondary"
          tabindex="0"
          type="button"
        >
          <span
            class="MuiButton-label"
          >
            Write a review
          </span>
          <span
            class="MuiTouchRipple-root"
          />
        </button>
        <svg
          aria-hidden="true"
          class="MuiSvgIcon-root BusinessCard-shareButton-9 MuiSvgIcon-colorSecondary"
          focusable="false"
          viewBox="0 0 24 24"
        >
          <path
            d="M18 16.08c-.76 0-1.44.3-1.96.77L8.91 12.7c.05-.23.09-.46.09-.7s-.04-.47-.09-.7l7.05-4.11c.54.5 1.25.81 2.04.81 1.66 0 3-1.34 3-3s-1.34-3-3-3-3 1.34-3 3c0 .24.04.47.09.7L8.04 9.81C7.5 9.31 6.79 9 6 9c-1.66 0-3 1.34-3 3s1.34 3 3 3c.79 0 1.5-.31 2.04-.81l7.12 4.16c-.05.21-.08.43-.08.65 0 1.61 1.31 2.92 2.92 2.92 1.61 0 2.92-1.31 2.92-2.92s-1.31-2.92-2.92-2.92z"
          />
        </svg>
      </div>
    </div>
  </div>
</DocumentFragment>
`;
