// Jest Snapshot v1, https://goo.gl/fbAQLP

exports[`Address renders with default values 1`] = `
<DocumentFragment>
  <h6
    class="MuiTypography-root MuiTypography-subtitle1 MuiTypography-alignCenter"
  >
    Select the location of the space you want to submit to Lavender Book
  </h6>
  <div
    class="Address-listWrapper-1"
  >
    <div
      class="Address-card-2"
      data-testid="businessresultcard-0"
    >
      <div
        class="MuiPaper-root MuiCard-root BusinessResultCard-card-5 MuiPaper-outlined MuiPaper-rounded"
      >
        <div
          class="MuiCardContent-root"
        >
          <div>
            <h6
              class="MuiTypography-root BusinessResultCard-title-7 MuiTypography-subtitle1"
            >
              La colombe coffee roasters
            </h6>
            <span
              aria-disabled="false"
              class="MuiButtonBase-root MuiIconButton-root PrivateSwitchBase-root-10 MuiCheckbox-root MuiCheckbox-colorPrimary BusinessResultCard-checkbox-8 MuiIconButton-colorPrimary"
            >
              <span
                class="MuiIconButton-label"
              >
                <input
                  class="PrivateSwitchBase-input-13"
                  data-indeterminate="false"
                  type="checkbox"
                  value=""
                />
                <svg
                  aria-hidden="true"
                  class="MuiSvgIcon-root"
                  focusable="false"
                  viewBox="0 0 24 24"
                >
                  <path
                    d="M19 5v14H5V5h14m0-2H5c-1.1 0-2 .9-2 2v14c0 1.1.9 2 2 2h14c1.1 0 2-.9 2-2V5c0-1.1-.9-2-2-2z"
                  />
                </svg>
              </span>
              <span
                class="MuiTouchRipple-root"
              />
            </span>
          </div>
          <span
            class="MuiTypography-root MuiTypography-caption"
          >
            Coffee
          </span>
          <div
            class="BusinessResultCard-wrapper-9"
          >
            <h6
              class="MuiTypography-root MuiTypography-subtitle2"
            >
              Address:
            </h6>
            <p
              class="MuiTypography-root MuiTypography-body2"
            >
              924 Blagden Alley Way Washington, D.C. 20001
            </p>
          </div>
          <div
            class="BusinessResultCard-wrapper-9"
          >
            <h6
              class="MuiTypography-root MuiTypography-subtitle2"
            >
              Phone number:
            </h6>
            <p
              class="MuiTypography-root MuiTypography-body2"
            >
              (123) 456-7890
            </p>
          </div>
        </div>
      </div>
    </div>
    <div
      class="Address-card-2"
      data-testid="businessresultcard-1"
    >
      <div
        class="MuiPaper-root MuiCard-root BusinessResultCard-card-5 MuiPaper-outlined MuiPaper-rounded"
      >
        <div
          class="MuiCardContent-root"
        >
          <div>
            <h6
              class="MuiTypography-root BusinessResultCard-title-7 MuiTypography-subtitle1"
            >
              La colombe coffee roasters
            </h6>
            <span
              aria-disabled="false"
              class="MuiButtonBase-root MuiIconButton-root PrivateSwitchBase-root-10 MuiCheckbox-root MuiCheckbox-colorPrimary BusinessResultCard-checkbox-8 MuiIconButton-colorPrimary"
            >
              <span
                class="MuiIconButton-label"
              >
                <input
                  class="PrivateSwitchBase-input-13"
                  data-indeterminate="false"
                  type="checkbox"
                  value=""
                />
                <svg
                  aria-hidden="true"
                  class="MuiSvgIcon-root"
                  focusable="false"
                  viewBox="0 0 24 24"
                >
                  <path
                    d="M19 5v14H5V5h14m0-2H5c-1.1 0-2 .9-2 2v14c0 1.1.9 2 2 2h14c1.1 0 2-.9 2-2V5c0-1.1-.9-2-2-2z"
                  />
                </svg>
              </span>
              <span
                class="MuiTouchRipple-root"
              />
            </span>
          </div>
          <span
            class="MuiTypography-root MuiTypography-caption"
          >
            Coffee
          </span>
          <div
            class="BusinessResultCard-wrapper-9"
          >
            <h6
              class="MuiTypography-root MuiTypography-subtitle2"
            >
              Address:
            </h6>
            <p
              class="MuiTypography-root MuiTypography-body2"
            >
              924 Blagden Alley Way Washington, D.C. 20001
            </p>
          </div>
          <div
            class="BusinessResultCard-wrapper-9"
          >
            <h6
              class="MuiTypography-root MuiTypography-subtitle2"
            >
              Phone number:
            </h6>
            <p
              class="MuiTypography-root MuiTypography-body2"
            >
              (123) 456-7890
            </p>
          </div>
        </div>
      </div>
    </div>
    <div
      class="Address-card-2"
      data-testid="businessresultcard-2"
    >
      <div
        class="MuiPaper-root MuiCard-root BusinessResultCard-card-5 MuiPaper-outlined MuiPaper-rounded"
      >
        <div
          class="MuiCardContent-root"
        >
          <div>
            <h6
              class="MuiTypography-root BusinessResultCard-title-7 MuiTypography-subtitle1"
            >
              La colombe coffee roasters
            </h6>
            <span
              aria-disabled="false"
              class="MuiButtonBase-root MuiIconButton-root PrivateSwitchBase-root-10 MuiCheckbox-root MuiCheckbox-colorPrimary BusinessResultCard-checkbox-8 MuiIconButton-colorPrimary"
            >
              <span
                class="MuiIconButton-label"
              >
                <input
                  class="PrivateSwitchBase-input-13"
                  data-indeterminate="false"
                  type="checkbox"
                  value=""
                />
                <svg
                  aria-hidden="true"
                  class="MuiSvgIcon-root"
                  focusable="false"
                  viewBox="0 0 24 24"
                >
                  <path
                    d="M19 5v14H5V5h14m0-2H5c-1.1 0-2 .9-2 2v14c0 1.1.9 2 2 2h14c1.1 0 2-.9 2-2V5c0-1.1-.9-2-2-2z"
                  />
                </svg>
              </span>
              <span
                class="MuiTouchRipple-root"
              />
            </span>
          </div>
          <span
            class="MuiTypography-root MuiTypography-caption"
          >
            Coffee
          </span>
          <div
            class="BusinessResultCard-wrapper-9"
          >
            <h6
              class="MuiTypography-root MuiTypography-subtitle2"
            >
              Address:
            </h6>
            <p
              class="MuiTypography-root MuiTypography-body2"
            >
              924 Blagden Alley Way Washington, D.C. 20001
            </p>
          </div>
          <div
            class="BusinessResultCard-wrapper-9"
          >
            <h6
              class="MuiTypography-root MuiTypography-subtitle2"
            >
              Phone number:
            </h6>
            <p
              class="MuiTypography-root MuiTypography-body2"
            >
              (123) 456-7890
            </p>
          </div>
        </div>
      </div>
    </div>
    <div
      class="Address-card-2"
      data-testid="businessresultcard-3"
    >
      <div
        class="MuiPaper-root MuiCard-root BusinessResultCard-card-5 MuiPaper-outlined MuiPaper-rounded"
      >
        <div
          class="MuiCardContent-root"
        >
          <div>
            <h6
              class="MuiTypography-root BusinessResultCard-title-7 MuiTypography-subtitle1"
            >
              La colombe coffee roasters
            </h6>
            <span
              aria-disabled="false"
              class="MuiButtonBase-root MuiIconButton-root PrivateSwitchBase-root-10 MuiCheckbox-root MuiCheckbox-colorPrimary BusinessResultCard-checkbox-8 MuiIconButton-colorPrimary"
            >
              <span
                class="MuiIconButton-label"
              >
                <input
                  class="PrivateSwitchBase-input-13"
                  data-indeterminate="false"
                  type="checkbox"
                  value=""
                />
                <svg
                  aria-hidden="true"
                  class="MuiSvgIcon-root"
                  focusable="false"
                  viewBox="0 0 24 24"
                >
                  <path
                    d="M19 5v14H5V5h14m0-2H5c-1.1 0-2 .9-2 2v14c0 1.1.9 2 2 2h14c1.1 0 2-.9 2-2V5c0-1.1-.9-2-2-2z"
                  />
                </svg>
              </span>
              <span
                class="MuiTouchRipple-root"
              />
            </span>
          </div>
          <span
            class="MuiTypography-root MuiTypography-caption"
          >
            Coffee
          </span>
          <div
            class="BusinessResultCard-wrapper-9"
          >
            <h6
              class="MuiTypography-root MuiTypography-subtitle2"
            >
              Address:
            </h6>
            <p
              class="MuiTypography-root MuiTypography-body2"
            >
              924 Blagden Alley Way Washington, D.C. 20001
            </p>
          </div>
          <div
            class="BusinessResultCard-wrapper-9"
          >
            <h6
              class="MuiTypography-root MuiTypography-subtitle2"
            >
              Phone number:
            </h6>
            <p
              class="MuiTypography-root MuiTypography-body2"
            >
              (123) 456-7890
            </p>
          </div>
        </div>
      </div>
    </div>
    <div
      class="Address-card-2"
      data-testid="businessresultcard-4"
    >
      <div
        class="MuiPaper-root MuiCard-root BusinessResultCard-card-5 MuiPaper-outlined MuiPaper-rounded"
      >
        <div
          class="MuiCardContent-root"
        >
          <div>
            <h6
              class="MuiTypography-root BusinessResultCard-title-7 MuiTypography-subtitle1"
            >
              La colombe coffee roasters
            </h6>
            <span
              aria-disabled="false"
              class="MuiButtonBase-root MuiIconButton-root PrivateSwitchBase-root-10 MuiCheckbox-root MuiCheckbox-colorPrimary BusinessResultCard-checkbox-8 MuiIconButton-colorPrimary"
            >
              <span
                class="MuiIconButton-label"
              >
                <input
                  class="PrivateSwitchBase-input-13"
                  data-indeterminate="false"
                  type="checkbox"
                  value=""
                />
                <svg
                  aria-hidden="true"
                  class="MuiSvgIcon-root"
                  focusable="false"
                  viewBox="0 0 24 24"
                >
                  <path
                    d="M19 5v14H5V5h14m0-2H5c-1.1 0-2 .9-2 2v14c0 1.1.9 2 2 2h14c1.1 0 2-.9 2-2V5c0-1.1-.9-2-2-2z"
                  />
                </svg>
              </span>
              <span
                class="MuiTouchRipple-root"
              />
            </span>
          </div>
          <span
            class="MuiTypography-root MuiTypography-caption"
          >
            Coffee
          </span>
          <div
            class="BusinessResultCard-wrapper-9"
          >
            <h6
              class="MuiTypography-root MuiTypography-subtitle2"
            >
              Address:
            </h6>
            <p
              class="MuiTypography-root MuiTypography-body2"
            >
              924 Blagden Alley Way Washington, D.C. 20001
            </p>
          </div>
          <div
            class="BusinessResultCard-wrapper-9"
          >
            <h6
              class="MuiTypography-root MuiTypography-subtitle2"
            >
              Phone number:
            </h6>
            <p
              class="MuiTypography-root MuiTypography-body2"
            >
              (123) 456-7890
            </p>
          </div>
        </div>
      </div>
    </div>
    <div
      class="Address-card-2"
      data-testid="businessresultcard-5"
    >
      <div
        class="MuiPaper-root MuiCard-root BusinessResultCard-card-5 MuiPaper-outlined MuiPaper-rounded"
      >
        <div
          class="MuiCardContent-root"
        >
          <div>
            <h6
              class="MuiTypography-root BusinessResultCard-title-7 MuiTypography-subtitle1"
            >
              La colombe coffee roasters
            </h6>
            <span
              aria-disabled="false"
              class="MuiButtonBase-root MuiIconButton-root PrivateSwitchBase-root-10 MuiCheckbox-root MuiCheckbox-colorPrimary BusinessResultCard-checkbox-8 MuiIconButton-colorPrimary"
            >
              <span
                class="MuiIconButton-label"
              >
                <input
                  class="PrivateSwitchBase-input-13"
                  data-indeterminate="false"
                  type="checkbox"
                  value=""
                />
                <svg
                  aria-hidden="true"
                  class="MuiSvgIcon-root"
                  focusable="false"
                  viewBox="0 0 24 24"
                >
                  <path
                    d="M19 5v14H5V5h14m0-2H5c-1.1 0-2 .9-2 2v14c0 1.1.9 2 2 2h14c1.1 0 2-.9 2-2V5c0-1.1-.9-2-2-2z"
                  />
                </svg>
              </span>
              <span
                class="MuiTouchRipple-root"
              />
            </span>
          </div>
          <span
            class="MuiTypography-root MuiTypography-caption"
          >
            Coffee
          </span>
          <div
            class="BusinessResultCard-wrapper-9"
          >
            <h6
              class="MuiTypography-root MuiTypography-subtitle2"
            >
              Address:
            </h6>
            <p
              class="MuiTypography-root MuiTypography-body2"
            >
              924 Blagden Alley Way Washington, D.C. 20001
            </p>
          </div>
          <div
            class="BusinessResultCard-wrapper-9"
          >
            <h6
              class="MuiTypography-root MuiTypography-subtitle2"
            >
              Phone number:
            </h6>
            <p
              class="MuiTypography-root MuiTypography-body2"
            >
              (123) 456-7890
            </p>
          </div>
        </div>
      </div>
    </div>
    <div
      class="Address-card-2"
      data-testid="businessresultcard-6"
    >
      <div
        class="MuiPaper-root MuiCard-root BusinessResultCard-card-5 MuiPaper-outlined MuiPaper-rounded"
      >
        <div
          class="MuiCardContent-root"
        >
          <div>
            <h6
              class="MuiTypography-root BusinessResultCard-title-7 MuiTypography-subtitle1"
            >
              La colombe coffee roasters
            </h6>
            <span
              aria-disabled="false"
              class="MuiButtonBase-root MuiIconButton-root PrivateSwitchBase-root-10 MuiCheckbox-root MuiCheckbox-colorPrimary BusinessResultCard-checkbox-8 MuiIconButton-colorPrimary"
            >
              <span
                class="MuiIconButton-label"
              >
                <input
                  class="PrivateSwitchBase-input-13"
                  data-indeterminate="false"
                  type="checkbox"
                  value=""
                />
                <svg
                  aria-hidden="true"
                  class="MuiSvgIcon-root"
                  focusable="false"
                  viewBox="0 0 24 24"
                >
                  <path
                    d="M19 5v14H5V5h14m0-2H5c-1.1 0-2 .9-2 2v14c0 1.1.9 2 2 2h14c1.1 0 2-.9 2-2V5c0-1.1-.9-2-2-2z"
                  />
                </svg>
              </span>
              <span
                class="MuiTouchRipple-root"
              />
            </span>
          </div>
          <span
            class="MuiTypography-root MuiTypography-caption"
          >
            Coffee
          </span>
          <div
            class="BusinessResultCard-wrapper-9"
          >
            <h6
              class="MuiTypography-root MuiTypography-subtitle2"
            >
              Address:
            </h6>
            <p
              class="MuiTypography-root MuiTypography-body2"
            >
              924 Blagden Alley Way Washington, D.C. 20001
            </p>
          </div>
          <div
            class="BusinessResultCard-wrapper-9"
          >
            <h6
              class="MuiTypography-root MuiTypography-subtitle2"
            >
              Phone number:
            </h6>
            <p
              class="MuiTypography-root MuiTypography-body2"
            >
              (123) 456-7890
            </p>
          </div>
        </div>
      </div>
    </div>
    <div
      class="Address-card-2"
      data-testid="businessresultcard-7"
    >
      <div
        class="MuiPaper-root MuiCard-root BusinessResultCard-card-5 MuiPaper-outlined MuiPaper-rounded"
      >
        <div
          class="MuiCardContent-root"
        >
          <div>
            <h6
              class="MuiTypography-root BusinessResultCard-title-7 MuiTypography-subtitle1"
            >
              La colombe coffee roasters
            </h6>
            <span
              aria-disabled="false"
              class="MuiButtonBase-root MuiIconButton-root PrivateSwitchBase-root-10 MuiCheckbox-root MuiCheckbox-colorPrimary BusinessResultCard-checkbox-8 MuiIconButton-colorPrimary"
            >
              <span
                class="MuiIconButton-label"
              >
                <input
                  class="PrivateSwitchBase-input-13"
                  data-indeterminate="false"
                  type="checkbox"
                  value=""
                />
                <svg
                  aria-hidden="true"
                  class="MuiSvgIcon-root"
                  focusable="false"
                  viewBox="0 0 24 24"
                >
                  <path
                    d="M19 5v14H5V5h14m0-2H5c-1.1 0-2 .9-2 2v14c0 1.1.9 2 2 2h14c1.1 0 2-.9 2-2V5c0-1.1-.9-2-2-2z"
                  />
                </svg>
              </span>
              <span
                class="MuiTouchRipple-root"
              />
            </span>
          </div>
          <span
            class="MuiTypography-root MuiTypography-caption"
          >
            Coffee
          </span>
          <div
            class="BusinessResultCard-wrapper-9"
          >
            <h6
              class="MuiTypography-root MuiTypography-subtitle2"
            >
              Address:
            </h6>
            <p
              class="MuiTypography-root MuiTypography-body2"
            >
              924 Blagden Alley Way Washington, D.C. 20001
            </p>
          </div>
          <div
            class="BusinessResultCard-wrapper-9"
          >
            <h6
              class="MuiTypography-root MuiTypography-subtitle2"
            >
              Phone number:
            </h6>
            <p
              class="MuiTypography-root MuiTypography-body2"
            >
              (123) 456-7890
            </p>
          </div>
        </div>
      </div>
    </div>
    <div
      class="Address-card-2"
      data-testid="businessresultcard-8"
    >
      <div
        class="MuiPaper-root MuiCard-root BusinessResultCard-card-5 MuiPaper-outlined MuiPaper-rounded"
      >
        <div
          class="MuiCardContent-root"
        >
          <div>
            <h6
              class="MuiTypography-root BusinessResultCard-title-7 MuiTypography-subtitle1"
            >
              La colombe coffee roasters
            </h6>
            <span
              aria-disabled="false"
              class="MuiButtonBase-root MuiIconButton-root PrivateSwitchBase-root-10 MuiCheckbox-root MuiCheckbox-colorPrimary BusinessResultCard-checkbox-8 MuiIconButton-colorPrimary"
            >
              <span
                class="MuiIconButton-label"
              >
                <input
                  class="PrivateSwitchBase-input-13"
                  data-indeterminate="false"
                  type="checkbox"
                  value=""
                />
                <svg
                  aria-hidden="true"
                  class="MuiSvgIcon-root"
                  focusable="false"
                  viewBox="0 0 24 24"
                >
                  <path
                    d="M19 5v14H5V5h14m0-2H5c-1.1 0-2 .9-2 2v14c0 1.1.9 2 2 2h14c1.1 0 2-.9 2-2V5c0-1.1-.9-2-2-2z"
                  />
                </svg>
              </span>
              <span
                class="MuiTouchRipple-root"
              />
            </span>
          </div>
          <span
            class="MuiTypography-root MuiTypography-caption"
          >
            Coffee
          </span>
          <div
            class="BusinessResultCard-wrapper-9"
          >
            <h6
              class="MuiTypography-root MuiTypography-subtitle2"
            >
              Address:
            </h6>
            <p
              class="MuiTypography-root MuiTypography-body2"
            >
              924 Blagden Alley Way Washington, D.C. 20001
            </p>
          </div>
          <div
            class="BusinessResultCard-wrapper-9"
          >
            <h6
              class="MuiTypography-root MuiTypography-subtitle2"
            >
              Phone number:
            </h6>
            <p
              class="MuiTypography-root MuiTypography-body2"
            >
              (123) 456-7890
            </p>
          </div>
        </div>
      </div>
    </div>
    <div
      class="Address-card-2"
      data-testid="businessresultcard-9"
    >
      <div
        class="MuiPaper-root MuiCard-root BusinessResultCard-card-5 MuiPaper-outlined MuiPaper-rounded"
      >
        <div
          class="MuiCardContent-root"
        >
          <div>
            <h6
              class="MuiTypography-root BusinessResultCard-title-7 MuiTypography-subtitle1"
            >
              La colombe coffee roasters
            </h6>
            <span
              aria-disabled="false"
              class="MuiButtonBase-root MuiIconButton-root PrivateSwitchBase-root-10 MuiCheckbox-root MuiCheckbox-colorPrimary BusinessResultCard-checkbox-8 MuiIconButton-colorPrimary"
            >
              <span
                class="MuiIconButton-label"
              >
                <input
                  class="PrivateSwitchBase-input-13"
                  data-indeterminate="false"
                  type="checkbox"
                  value=""
                />
                <svg
                  aria-hidden="true"
                  class="MuiSvgIcon-root"
                  focusable="false"
                  viewBox="0 0 24 24"
                >
                  <path
                    d="M19 5v14H5V5h14m0-2H5c-1.1 0-2 .9-2 2v14c0 1.1.9 2 2 2h14c1.1 0 2-.9 2-2V5c0-1.1-.9-2-2-2z"
                  />
                </svg>
              </span>
              <span
                class="MuiTouchRipple-root"
              />
            </span>
          </div>
          <span
            class="MuiTypography-root MuiTypography-caption"
          >
            Coffee
          </span>
          <div
            class="BusinessResultCard-wrapper-9"
          >
            <h6
              class="MuiTypography-root MuiTypography-subtitle2"
            >
              Address:
            </h6>
            <p
              class="MuiTypography-root MuiTypography-body2"
            >
              924 Blagden Alley Way Washington, D.C. 20001
            </p>
          </div>
          <div
            class="BusinessResultCard-wrapper-9"
          >
            <h6
              class="MuiTypography-root MuiTypography-subtitle2"
            >
              Phone number:
            </h6>
            <p
              class="MuiTypography-root MuiTypography-body2"
            >
              (123) 456-7890
            </p>
          </div>
        </div>
      </div>
    </div>
  </div>
  <div
    class="Address-footer-3"
  >
    <button
      class="MuiButtonBase-root MuiButton-root MuiButton-contained Address-submitButton-4 MuiButton-containedSecondary MuiButton-disableElevation MuiButton-fullWidth"
      data-testid="addspace-business-next"
      tabindex="0"
      type="submit"
    >
      <span
        class="MuiButton-label"
      >
        Next
      </span>
      <span
        class="MuiTouchRipple-root"
      />
    </button>
    <button
      class="MuiButtonBase-root MuiButton-root MuiButton-outlined MuiButton-outlinedSecondary MuiButton-disableElevation MuiButton-fullWidth"
      tabindex="0"
      type="cancel"
    >
      <span
        class="MuiButton-label"
      >
        Back
      </span>
      <span
        class="MuiTouchRipple-root"
      />
    </button>
  </div>
</DocumentFragment>
`;
