// Jest Snapshot v1, https://goo.gl/fbAQLP

exports[`Review renders with default values 1`] = `
<DocumentFragment>
  <h6
    class="MuiTypography-root Submit-pageTitle-1 MuiTypography-subtitle1 MuiTypography-alignCenter"
  >
    Review your submission. You can edit the spaceâ€™s details before submitting.
  </h6>
  <div
    class="Submit-section-2"
  >
    <div>
      <h6
        class="MuiTypography-root Submit-sectionTitle-3 MuiTypography-h6 MuiTypography-alignCenter"
      >
        Space Details
      </h6>
      <svg
        aria-hidden="true"
        class="MuiSvgIcon-root Submit-edit-4 MuiSvgIcon-colorPrimary"
        focusable="false"
        viewBox="0 0 24 24"
      >
        <path
          d="M3 17.25V21h3.75L17.81 9.94l-3.75-3.75L3 17.25zM20.71 7.04c.39-.39.39-1.02 0-1.41l-2.34-2.34a.9959.9959 0 00-1.41 0l-1.83 1.83 3.75 3.75 1.83-1.83z"
        />
      </svg>
    </div>
    <div
      class=""
      data-testid="businessresultcard-123"
    >
      <div
        class="MuiPaper-root MuiCard-root BusinessResultCard-card-8 MuiPaper-outlined MuiPaper-rounded"
      >
        <div
          class="MuiCardContent-root"
        >
          <div>
            <h6
              class="MuiTypography-root BusinessResultCard-title-10 MuiTypography-subtitle1"
            >
              La colombe coffee roasters
            </h6>
          </div>
          <span
            class="MuiTypography-root MuiTypography-caption"
          >
            Coffee
          </span>
          <div
            class="BusinessResultCard-wrapper-12"
          >
            <h6
              class="MuiTypography-root MuiTypography-subtitle2"
            >
              Address:
            </h6>
            <p
              class="MuiTypography-root MuiTypography-body2"
            >
              924 Blagden Alley Way Washington, D.C. 20001
            </p>
          </div>
          <div
            class="BusinessResultCard-wrapper-12"
          >
            <h6
              class="MuiTypography-root MuiTypography-subtitle2"
            >
              Phone number:
            </h6>
            <p
              class="MuiTypography-root MuiTypography-body2"
            >
              (123) 456-7890
            </p>
          </div>
        </div>
      </div>
    </div>
  </div>
  <div
    class="Submit-section-2"
  >
    <div>
      <h6
        class="MuiTypography-root Submit-sectionTitle-3 MuiTypography-h6 MuiTypography-alignCenter"
      >
        Space Attributes
      </h6>
      <svg
        aria-hidden="true"
        class="MuiSvgIcon-root Submit-edit-4 MuiSvgIcon-colorPrimary"
        focusable="false"
        viewBox="0 0 24 24"
      >
        <path
          d="M3 17.25V21h3.75L17.81 9.94l-3.75-3.75L3 17.25zM20.71 7.04c.39-.39.39-1.02 0-1.41l-2.34-2.34a.9959.9959 0 00-1.41 0l-1.83 1.83 3.75 3.75 1.83-1.83z"
        />
      </svg>
    </div>
    <div
      class="ChipList-chipWrapper-13"
    >
      <div
        class="MuiChip-root ChipList-chip-14 MuiChip-colorSecondary"
      >
        <span
          class="MuiChip-label"
        >
          <p
            class="MuiTypography-root MuiTypography-body2"
          >
            Accessible
          </p>
        </span>
      </div>
      <div
        class="MuiChip-root ChipList-chip-14 MuiChip-colorSecondary"
      >
        <span
          class="MuiChip-label"
        >
          <p
            class="MuiTypography-root MuiTypography-body2"
          >
            ATM Available
          </p>
        </span>
      </div>
      <div
        class="MuiChip-root ChipList-chip-14 MuiChip-colorSecondary"
      >
        <span
          class="MuiChip-label"
        >
          <p
            class="MuiTypography-root MuiTypography-body2"
          >
            ASL Spoken
          </p>
        </span>
      </div>
    </div>
  </div>
  <div
    class="Submit-section-2"
  >
    <div>
      <h6
        class="MuiTypography-root Submit-sectionTitle-3 MuiTypography-h6 MuiTypography-alignCenter"
      >
        Your Rating
      </h6>
      <svg
        aria-hidden="true"
        class="MuiSvgIcon-root Submit-edit-4 MuiSvgIcon-colorPrimary"
        focusable="false"
        viewBox="0 0 24 24"
      >
        <path
          d="M3 17.25V21h3.75L17.81 9.94l-3.75-3.75L3 17.25zM20.71 7.04c.39-.39.39-1.02 0-1.41l-2.34-2.34a.9959.9959 0 00-1.41 0l-1.83 1.83 3.75 3.75 1.83-1.83z"
        />
      </svg>
    </div>
    <button
      class="MuiButtonBase-root MuiIconButton-root StarRating-button-15 StarRating-noHover-16 MuiIconButton-colorPrimary"
      tabindex="0"
      type="button"
    >
      <span
        class="MuiIconButton-label"
      >
        <svg
          aria-hidden="true"
          class="MuiSvgIcon-root"
          focusable="false"
          viewBox="0 0 24 24"
        >
          <path
            d="M12 17.27L18.18 21l-1.64-7.03L22 9.24l-7.19-.61L12 2 9.19 8.63 2 9.24l5.46 4.73L5.82 21z"
          />
        </svg>
      </span>
    </button>
    <button
      class="MuiButtonBase-root MuiIconButton-root StarRating-button-15 StarRating-noHover-16 MuiIconButton-colorPrimary"
      tabindex="0"
      type="button"
    >
      <span
        class="MuiIconButton-label"
      >
        <svg
          aria-hidden="true"
          class="MuiSvgIcon-root"
          focusable="false"
          viewBox="0 0 24 24"
        >
          <path
            d="M12 17.27L18.18 21l-1.64-7.03L22 9.24l-7.19-.61L12 2 9.19 8.63 2 9.24l5.46 4.73L5.82 21z"
          />
        </svg>
      </span>
    </button>
    <button
      class="MuiButtonBase-root MuiIconButton-root StarRating-button-15 StarRating-noHover-16 MuiIconButton-colorPrimary"
      tabindex="0"
      type="button"
    >
      <span
        class="MuiIconButton-label"
      >
        <svg
          aria-hidden="true"
          class="MuiSvgIcon-root"
          focusable="false"
          viewBox="0 0 24 24"
        >
          <path
            d="M12 17.27L18.18 21l-1.64-7.03L22 9.24l-7.19-.61L12 2 9.19 8.63 2 9.24l5.46 4.73L5.82 21z"
          />
        </svg>
      </span>
    </button>
    <button
      class="MuiButtonBase-root MuiIconButton-root StarRating-button-15 StarRating-noHover-16 MuiIconButton-colorPrimary"
      tabindex="0"
      type="button"
    >
      <span
        class="MuiIconButton-label"
      >
        <svg
          aria-hidden="true"
          class="MuiSvgIcon-root"
          focusable="false"
          viewBox="0 0 24 24"
        >
          <path
            d="M12 17.27L18.18 21l-1.64-7.03L22 9.24l-7.19-.61L12 2 9.19 8.63 2 9.24l5.46 4.73L5.82 21z"
          />
        </svg>
      </span>
    </button>
    <button
      class="MuiButtonBase-root MuiIconButton-root StarRating-button-15 StarRating-noHover-16 MuiIconButton-colorPrimary"
      tabindex="0"
      type="button"
    >
      <span
        class="MuiIconButton-label"
      >
        <svg
          aria-hidden="true"
          class="MuiSvgIcon-root"
          focusable="false"
          viewBox="0 0 24 24"
        >
          <path
            d="M22 9.24l-7.19-.62L12 2 9.19 8.63 2 9.24l5.46 4.73L5.82 21 12 17.27 18.18 21l-1.63-7.03L22 9.24zM12 15.4l-3.76 2.27 1-4.28-3.32-2.88 4.38-.38L12 6.1l1.71 4.04 4.38.38-3.32 2.88 1 4.28L12 15.4z"
          />
        </svg>
      </span>
    </button>
  </div>
  <label
    class="MuiFormControlLabel-root Submit-checkbox-5"
  >
    <span
      aria-disabled="false"
      class="MuiButtonBase-root MuiIconButton-root PrivateSwitchBase-root-17 MuiCheckbox-root MuiCheckbox-colorPrimary MuiIconButton-colorPrimary"
    >
      <span
        class="MuiIconButton-label"
      >
        <input
          class="PrivateSwitchBase-input-20"
          data-indeterminate="false"
          name="anon"
          type="checkbox"
          value=""
        />
        <svg
          aria-hidden="true"
          class="MuiSvgIcon-root"
          focusable="false"
          viewBox="0 0 24 24"
        >
          <path
            d="M19 5v14H5V5h14m0-2H5c-1.1 0-2 .9-2 2v14c0 1.1.9 2 2 2h14c1.1 0 2-.9 2-2V5c0-1.1-.9-2-2-2z"
          />
        </svg>
      </span>
      <span
        class="MuiTouchRipple-root"
      />
    </span>
    <span
      class="MuiTypography-root MuiFormControlLabel-label MuiTypography-body1"
    >
      <p
        class="MuiTypography-root MuiTypography-body2"
      >
        A National Black Justice Coalition administrator can contact me at user@email.com about my submission.
      </p>
    </span>
  </label>
  <div
    class="Submit-footer-6"
  >
    <button
      class="MuiButtonBase-root MuiButton-root MuiButton-contained Submit-submitButton-7 MuiButton-containedSecondary MuiButton-disableElevation MuiButton-fullWidth"
      tabindex="0"
      type="submit"
    >
      <span
        class="MuiButton-label"
      >
        Submit
      </span>
      <span
        class="MuiTouchRipple-root"
      />
    </button>
    <button
      class="MuiButtonBase-root MuiButton-root MuiButton-outlined MuiButton-outlinedSecondary MuiButton-disableElevation MuiButton-fullWidth"
      tabindex="0"
      type="cancel"
    >
      <span
        class="MuiButton-label"
      >
        Back
      </span>
      <span
        class="MuiTouchRipple-root"
      />
    </button>
  </div>
</DocumentFragment>
`;
